// Jest Snapshot v1, https://goo.gl/fbAQLP

exports[`PokemonDetail component renders as expected 1`] = `ShallowWrapper {}`;
