// Jest Snapshot v1, https://goo.gl/fbAQLP

exports[`PokemonList component renders as expected 1`] = `ShallowWrapper {}`;
