// Jest Snapshot v1, https://goo.gl/fbAQLP

exports[`PokemonImage component renders as expected 1`] = `ShallowWrapper {}`;
