// Jest Snapshot v1, https://goo.gl/fbAQLP

exports[`Pokemon component renders as expected 1`] = `ShallowWrapper {}`;
